2026-02-28T13:05:02Z 📦 Код: 
From https://github.com/rekurt/cortex-forge
 * branch            master     -> FETCH_HEAD
Already up to date.
2026-02-28T13:05:03Z 🚀 Обновляем контейнеры...
 Container corp-quota Running 
 Container corp-broker Running 
 Container corp-admin Running 
 Container corp-nikita Running 
 Container corp-vasily Running 
 Container corp-dmitry Running 
 Container corp-monitor Recreate 
 Container corp-service Recreate 
 Container corp-monitor Recreated 
 Container corp-service Recreated 
 Container corp-service Starting 
 Container corp-broker Waiting 
 Container corp-quota Waiting 
 Container corp-broker Waiting 
 Container corp-quota Waiting 
 Container corp-quota Waiting 
 Container corp-broker Waiting 
 Container corp-broker Waiting 
 Container corp-quota Waiting 
 Container corp-broker Waiting 
 Container corp-quota Waiting 
 Container corp-service Started 
 Container corp-broker Healthy 
 Container corp-quota Healthy 
 Container corp-broker Healthy 
 Container corp-broker Healthy 
 Container corp-broker Healthy 
 Container corp-quota Healthy 
 Container corp-quota Healthy 
 Container corp-monitor Starting 
 Container corp-quota Healthy 
 Container corp-quota Healthy 
 Container corp-broker Healthy 
 Container corp-monitor Started 
2026-02-28T13:05:16Z ✅ Готово
